// Jest Snapshot v1, https://goo.gl/fbAQLP

exports[`<ActiveCampaignOverviewSection /> renders and matches snapshot 1`] = `
<div
  class="makeStyles-root-1"
>
  <h2
    class="MuiTypography-root makeStyles-heading-2 MuiTypography-h2"
  >
    Active campaigns
  </h2>
  <div
    class="slider"
    style="box-sizing: border-box; display: block; height: inherit; position: relative; width: 100%;"
    tabindex="0"
  >
    <div
      aria-atomic="true"
      aria-live="polite"
      style="position: absolute; left: -10000px; width: 1px; height: 1px; overflow: hidden;"
      tabindex="-1"
    >
      Slide 1 of 0
    </div>
    <div
      class="slider-frame"
      style="box-sizing: border-box; display: block; height: 100%; margin: 20px 25px 0px 25px; overflow: hidden; padding: 0px; position: relative; transform: translate3d(0, 0, 0);"
    >
      <ul
        class="slider-list"
        style="box-sizing: border-box; cursor: pointer; display: block; height: 0px; margin: 0px -8px; padding: 0px; position: relative; transform: translate3d(0px, 0px, 0); width: auto;"
      />
    </div>
    <div
      class="slider-control-centerright"
      style="position: absolute; top: 50%; right: 0px; transform: translateY(-50%);"
    >
      <button
        aria-label="Slide right"
        class="MuiButtonBase-root MuiIconButton-root makeStyles-slideButton-33"
        tabindex="0"
        type="button"
      >
        <span
          class="MuiIconButton-label"
        >
          <svg
            aria-hidden="true"
            class="MuiSvgIcon-root"
            focusable="false"
            role="presentation"
            viewBox="0 0 24 24"
          >
            <path
              d="M12 4l-1.41 1.41L16.17 11H4v2h12.17l-5.58 5.59L12 20l8-8z"
            />
          </svg>
        </span>
        <span
          class="MuiTouchRipple-root"
        />
      </button>
    </div>
    <div
      class="slider-control-bottomcenter"
      style="position: absolute; bottom: 0px; left: 50%; transform: translateX(-50%);"
    >
      <ul
        style="position: relative; top: -10px; display: flex; margin: 0px; padding: 0px; list-style-type: none;"
      >
        <li
          class="paging-item active"
        >
          <button
            aria-label="slide 1 bullet"
            style="cursor: pointer; opacity: 1; background: transparent; fill: black;"
            type="button"
          >
            <svg
              class="paging-dot"
              height="6"
              width="6"
            >
              <circle
                cx="3"
                cy="3"
                r="3"
              />
            </svg>
          </button>
        </li>
      </ul>
    </div>
    <style
      type="text/css"
    >
      .slider-slide &gt; img { width: 100%; display: block; }
          .slider-slide &gt; img:focus { margin: auto; }
    </style>
  </div>
</div>
`;
