// Jest Snapshot v1, https://goo.gl/fbAQLP

exports[`<NavBar /> renders and matches snapshot 1`] = `
<div
  class="makeStyles-mobile-4"
>
  <header
    class="MuiPaper-root MuiAppBar-root MuiAppBar-positionRelative MuiAppBar-colorPrimary MuiPaper-elevation4"
  >
    <div
      class="MuiToolbar-root MuiToolbar-dense makeStyles-dense-8 makeStyles-mobile-15 MuiToolbar-gutters"
    >
      <div
        class="makeStyles-hamburger-16"
      >
        <span
          aria-disabled="false"
          aria-label=""
          class="MuiButtonBase-root MuiIconButton-root"
          role="button"
          tabindex="0"
        >
          <span
            class="MuiIconButton-label"
          >
            <svg
              aria-hidden="true"
              class="MuiSvgIcon-root"
              focusable="false"
              role="presentation"
              viewBox="0 0 24 24"
            >
              <path
                d="M3 18h18v-2H3v2zm0-5h18v-2H3v2zm0-7v2h18V6H3z"
              />
            </svg>
          </span>
          <span
            class="MuiTouchRipple-root"
          />
        </span>
      </div>
      <a
        href="https://trompamusic.eu/"
        rel="noopener noreferrer"
        target="_blank"
      >
        <img
          alt="Trompa logo"
          class="makeStyles-logo-9"
          src="logo.png"
        />
      </a>
    </div>
  </header>
  <div
    class="PrivateSwipeArea-root-132 PrivateSwipeArea-anchorLeft-133"
    style="width: 20px;"
  />
</div>
`;
