// Jest Snapshot v1, https://goo.gl/fbAQLP

exports[`<NotificationsProvider /> renders and matches snapshot 1`] = `
<div
  class="MuiSnackbar-root MuiSnackbar-anchorOriginBottomCenter"
>
  <div
    class="MuiPaper-root MuiSnackbarContent-root MuiPaper-elevation6"
    direction="up"
    role="alert"
    style="opacity: 1; transform: scale(1, 1); transition: opacity 225ms cubic-bezier(0.4, 0, 0.2, 1) 0ms,transform 150ms cubic-bezier(0.4, 0, 0.2, 1) 0ms;"
  >
    <div
      class="MuiSnackbarContent-message"
    />
  </div>
</div>
`;
