// Jest Snapshot v1, https://goo.gl/fbAQLP

exports[`<QontoStepIcon /> renders and matches snapshot 1`] = `
<div
  class="makeStyles-root-1"
>
  <div
    class="makeStyles-circle-2"
  />
</div>
`;
