// Jest Snapshot v1, https://goo.gl/fbAQLP

exports[`<Jumbotron /> renders and matches snapshot 1`] = `
<header>
  <div
    class="makeStyles-root-1"
  >
    <div
      class="makeStyles-desktop-2"
    >
      <div
        class="makeStyles-subtitle-4"
      >
        <img
          alt=""
          class="makeStyles-logoIcon-5"
          src="[object Object]"
        />
        <h6
          class="MuiTypography-root MuiTypography-subtitle2"
        >
          Subtitle
        </h6>
      </div>
      <h1
        class="MuiTypography-root MuiTypography-h1"
      >
        H1
      </h1>
      <h2
        class="MuiTypography-root MuiTypography-h2"
      >
        H2
        <span
          class="makeStyles-compositionTitle-6"
        >
          Requiem in D minor
        </span>
      </h2>
      <p
        class="MuiTypography-root MuiTypography-body1 MuiTypography-gutterBottom"
      >
        Paragraph
      </p>
    </div>
    <img
      alt=""
      class="makeStyles-image-8"
    />
  </div>
  <div
    class="makeStyles-mobile-3"
  >
    <div
      class="makeStyles-subtitle-4"
    >
      <img
        alt=""
        class="makeStyles-logoIcon-5"
        src="[object Object]"
      />
      <h6
        class="MuiTypography-root MuiTypography-subtitle2"
      >
        Subtitle
      </h6>
    </div>
    <h1
      class="MuiTypography-root MuiTypography-h1"
    >
      H1
    </h1>
    <h2
      class="MuiTypography-root MuiTypography-h2"
    >
      H2
      <span
        class="makeStyles-compositionTitle-6"
      >
        Requiem in D minor
      </span>
    </h2>
    <p
      class="MuiTypography-root MuiTypography-body1 MuiTypography-gutterBottom"
    >
      Paragraph
    </p>
  </div>
</header>
`;
