// Jest Snapshot v1, https://goo.gl/fbAQLP

exports[`<WhoAreYou /> renders and matches snapshot 1`] = `
<header
  class="MuiPaper-root MuiAppBar-root MuiAppBar-positionRelative MuiAppBar-colorPrimary MuiPaper-elevation4"
>
  <div
    class="MuiToolbar-root MuiToolbar-dense makeStyles-toolbarTop-11 MuiToolbar-gutters"
  >
    <a
      class="makeStyles-link-13"
      href="/"
    >
      <div
        class="makeStyles-header-14"
      >
        <svg
          aria-hidden="true"
          class="MuiSvgIcon-root makeStyles-backIcon-15"
          focusable="false"
          role="presentation"
          viewBox="0 0 24 24"
        >
          <path
            d="M20 11H7.83l5.59-5.59L12 4l-8 8 8 8 1.41-1.41L7.83 13H20v-2z"
          />
        </svg>
        <div>
          <h6
            class="MuiTypography-root makeStyles-pageType-16 MuiTypography-h6 MuiTypography-colorSecondary"
          >
            General task
          </h6>
          <h5
            class="MuiTypography-root makeStyles-title-17 MuiTypography-h5"
          >
            Test2
          </h5>
        </div>
      </div>
    </a>
  </div>
</header>
`;
