// Jest Snapshot v1, https://goo.gl/fbAQLP

exports[`<Campaign /> renders and matches snapshot 1`] = `
<header
  class="MuiPaper-root MuiAppBar-root MuiAppBar-positionRelative MuiAppBar-colorPrimary MuiPaper-elevation4"
>
  <div
    class="MuiToolbar-root MuiToolbar-dense makeStyles-dense-10 MuiToolbar-gutters"
  >
    <a
      class="makeStyles-link-12"
      href="/campaign/undefined"
    >
      <img
        alt="Trompa logo"
        class="makeStyles-logo-11"
        src="logo.png"
      />
    </a>
  </div>
</header>
`;
