// Jest Snapshot v1, https://goo.gl/fbAQLP

exports[`<Input /> renders and matches snapshot 1`] = `
<div
  class="makeStyles-root-1"
>
  <p
    class="MuiTypography-root MuiTypography-body1"
  />
  <div
    class="MuiFormControl-root MuiTextField-root MuiFormControl-fullWidth"
  >
    <div
      class="MuiInputBase-root MuiFilledInput-root MuiInputBase-fullWidth MuiInputBase-formControl"
    >
      <input
        aria-invalid="false"
        class="MuiInputBase-input MuiFilledInput-input"
        type="text"
        value=""
      />
    </div>
  </div>
</div>
`;
