// Jest Snapshot v1, https://goo.gl/fbAQLP

exports[`<TypeformModal /> renders and matches snapshot 1`] = `
<div
  class="ReactTypeformEmbed"
  style="position: absolute; top: 0px; left: 0px; width: 100%; height: 100%; overflow: hidden;"
/>
`;
