// Jest Snapshot v1, https://goo.gl/fbAQLP

exports[`<ActiveCampaign /> renders and matches snapshot 1`] = `null`;
